// Jest Snapshot v1, https://goo.gl/fbAQLP

exports[`ProviderConnectionError should render the component and call callbacks 1`] = `
.c0 {
  display: grid;
  grid-auto-rows: auto;
  grid-row-gap: 16px;
}

.c4 {
  box-sizing: border-box;
  margin: 0;
  min-width: 0;
}

.c5 {
  width: 100%;
  display: -webkit-box;
  display: -webkit-flex;
  display: -ms-flexbox;
  display: flex;
  padding: 0;
  -webkit-align-items: center;
  -webkit-box-align: center;
  -ms-flex-align: center;
  align-items: center;
  -webkit-box-pack: start;
  -webkit-justify-content: flex-start;
  -ms-flex-pack: start;
  justify-content: flex-start;
}

.c7 {
  color: #7D7D7D;
  cursor: pointer;
  -webkit-text-decoration: none;
  text-decoration: none;
  cursor: pointer;
  -webkit-transition-duration: 125ms;
  transition-duration: 125ms;
}

.c7:hover {
  opacity: 0.6;
}

.c7:active {
  opacity: 0.4;
}

.c1 {
  position: relative;
}

.c2 {
  position: absolute;
  z-index: 0;
}

.c3 {
  position: absolute;
  z-index: 1;
  width: 100%;
  height: 100%;
  top: 0;
  left: 0;
  background: radial-gradient(70% 50% at center,transparent 0%,#FFFFFF 100%);
}

.c9 {
  margin: 40px 0 0 0;
  z-index: 2;
  height: 100%;
  width: 100%;
}

.c8 {
  cursor: pointer;
}

.c6 {
  -webkit-align-items: center;
  -webkit-box-align: center;
  -ms-flex-align: center;
  align-items: center;
  -webkit-box-pack: justify;
  -webkit-justify-content: space-between;
  -ms-flex-pack: justify;
  justify-content: space-between;
  z-index: 2;
  -webkit-flex-direction: row-reverse;
  -ms-flex-direction: row-reverse;
  flex-direction: row-reverse;
}

<span
  class=""
  style="display: contents;"
>
  <span
    class=" _dsp_contents"
  >
    <span
      class=" t_light _dsp_contents is_Theme"
    >
      <div
        class="c0 c1"
      >
        <svg
          class="c2"
          color="#7D7D7D"
        >
          for-connecting-v2.svg
        </svg>
        <div
          class="c3"
        />
        <div
          class="c4 c5 c6"
        >
          <svg
            class="c7"
            data-testid="ConnectingViewWrapper-close"
            fill="none"
            height="24"
            stroke="currentColor"
            stroke-linecap="round"
            stroke-linejoin="round"
            stroke-width="2"
            viewBox="0 0 24 24"
            width="24"
            xmlns="http://www.w3.org/2000/svg"
          >
            <line
              x1="18"
              x2="6"
              y1="6"
              y2="18"
            />
            <line
              x1="6"
              x2="18"
              y1="6"
              y2="18"
            />
          </svg>
          <svg
            class="c8"
            data-testid="ConnectingViewWrapper-back"
            fill="#7D7D7D"
            height="28"
            viewBox="0 0 28 28"
            width="28"
            xmlns="http://www.w3.org/2000/svg"
          >
            <path
              d="M5.676 13.645c0 .263.114.527.316.72l5.801 5.792c.21.202.44.3.694.3.554 0 .958-.396.958-.933a.934.934 0 00-.29-.694l-1.977-2.004-2.55-2.329 2.049.123h10.652c.58 0 .985-.404.985-.975 0-.58-.405-.985-.985-.985H10.677l-2.04.123 2.54-2.329 1.978-2.004a.934.934 0 00.29-.694c0-.536-.404-.932-.958-.932-.255 0-.492.097-.72.317l-5.775 5.774a1.012 1.012 0 00-.316.73z"
            />
          </svg>
        </div>
        <div
          class="c9"
        >
          <div
            class="_display-flex _flexBasis-auto _boxSizing-border-box _position-relative _minHeight-0px _minWidth-0px _flexShrink-0 _flexDirection-column _alignItems-center _gap-1316330207"
          >
            <div
              class="_display-flex _alignItems-stretch _flexBasis-auto _boxSizing-border-box _position-relative _minHeight-0px _minWidth-0px _flexShrink-0 _flexDirection-row _gap-1481558183"
            >
              <div
                class="_display-flex _flexBasis-auto _boxSizing-border-box _position-relative _minHeight-0px _minWidth-0px _flexShrink-0 _flexDirection-column _alignItems-center _justifyContent-center"
                style="background-color: rgb(255, 239, 248); border-radius: 20px; height: 90px; width: 90px;"
              >
                <div
                  class="css-view-175oi2r r-flexBasis-1mlwlqe r-overflow-1udh08x r-zIndex-417010"
                  style="height: 64px; width: 64px;"
                >
                  <div
                    class="css-view-175oi2r r-backgroundColor-1niwhzg r-backgroundPosition-vvn4in r-backgroundRepeat-u6sd8q r-bottom-1p0dtai r-height-1pi2tsx r-left-1d2f490 r-position-u8s1d r-right-zchlnj r-top-ipm5af r-width-13qz1uu r-zIndex-1wyyakw r-backgroundSize-4gszlv"
                    style="background-image: url(uniswap-logo-large.png);"
                  />
                  <img
                    alt=""
                    class="css-accessibilityImage-9pa8cd"
                    draggable="false"
                    src="uniswap-logo-large.png"
                  />
                </div>
              </div>
              <img
                height="120"
                src="test-provider-logo-light"
                style="background-color: rgb(255, 239, 248); border-radius: 20px; height: 90px; width: 90px;"
                width="120"
              />
            </div>
            <div
              class="_display-flex _alignItems-center _flexBasis-auto _boxSizing-border-box _position-relative _minHeight-0px _minWidth-0px _flexShrink-0 _flexDirection-column _justifyContent-center _gap-1481558245"
            >
              <span
                class="font_subHeading _display-inline _boxSizing-border-box _whiteSpace-pre-wrap _mt-0px _mr-0px _mb-0px _ml-0px _color-1640242377 _fontFamily-299667014 _wordWrap-break-word _fontSize-229441158 _lineHeight-222976511 _fontWeight-233016140"
                data-disable-theme="true"
              >
                Connection failed
              </span>
              <span
                class="font_body _display-inline _boxSizing-border-box _whiteSpace-pre-wrap _mt-0px _mr-0px _mb-0px _ml-0px _color-843135005 _fontFamily-299667014 _wordWrap-break-word _fontSize-229441189 _lineHeight-222976542 _fontWeight-233016202 _textAlign-center"
                data-disable-theme="true"
              >
                Something went wrong connecting with Test Provider.
              </span>
            </div>
            <span
              class="t_sub_theme t_primary_Button _dsp_contents is_Theme"
            >
              <button
                class="is_Button _backgroundColor-0active-744986709 _opacity-0active-0d0t746 _display-flex _flexBasis-auto _boxSizing-border-box _position-relative _minHeight-0px _minWidth-0px _flexShrink-0 _borderTopWidth-1px _borderRightWidth-1px _borderBottomWidth-1px _borderLeftWidth-1px _flexDirection-row _alignItems-center _justifyContent-center _borderTopColor-2122800589 _borderRightColor-2122800589 _borderBottomColor-2122800589 _borderLeftColor-2122800589 _cursor-pointer _height-auto _pt-1481558214 _pr-1481558214 _pb-1481558214 _pl-1481558214 _borderTopLeftRadius-1307610029 _borderTopRightRadius-1307610029 _borderBottomRightRadius-1307610029 _borderBottomLeftRadius-1307610029 _gap-1481558245 _width-10037 _borderBottomStyle-solid _borderTopStyle-solid _borderLeftStyle-solid _borderRightStyle-solid"
                data-disable-theme="true"
              >
                Try again
              </button>
            </span>
          </div>
        </div>
      </div>
    </span>
  </span>
</span>
`;
