// Jest Snapshot v1, https://goo.gl/fbAQLP

exports[`SplitLogo renders without error 1`] = `
<View
  style={
    {
      "flexDirection": "column",
      "height": 10,
      "width": 10,
    }
  }
>
  <View
    style={
      {
        "flexDirection": "column",
        "left": 0,
        "overflow": "hidden",
        "position": "absolute",
        "top": 0,
        "width": 4,
      }
    }
    testID="input-currency-logo-container"
  >
    <View
      style={
        {
          "alignItems": "center",
          "flexDirection": "column",
          "height": 10,
          "justifyContent": "center",
          "width": 10,
        }
      }
      testID="token-logo"
    >
      <View
        style={
          {
            "flexDirection": "column",
          }
        }
        testID="img-token-image"
      >
        <img
          height={10}
          onError={[Function]}
          src="https://raw.githubusercontent.com/Uniswap/assets/master/blockchains/ethereum/assets/0x6B175474E89094C44Da98b954EedeAC495271d0F/logo.png"
          style={
            {
              "aspectRatio": undefined,
              "backgroundColor": "rgba(255,255,255,0.12)",
              "borderRadius": 5,
              "objectFit": "contain",
            }
          }
          width={10}
        />
      </View>
    </View>
  </View>
  <View
    style={
      {
        "flexDirection": "row-reverse",
        "overflow": "hidden",
        "position": "absolute",
        "right": 0,
        "top": 0,
        "width": 4,
      }
    }
    testID="output-currency-logo-container"
  >
    <View
      style={
        {
          "alignItems": "center",
          "flexDirection": "column",
          "height": 10,
          "justifyContent": "center",
          "width": 10,
        }
      }
      testID="token-logo"
    >
      <View
        style={
          {
            "flexDirection": "column",
          }
        }
        testID="img-token-image"
      >
        <img
          height={10}
          onError={[Function]}
          src="https://token-icons.s3.amazonaws.com/eth.png"
          style={
            {
              "aspectRatio": undefined,
              "backgroundColor": "rgba(255,255,255,0.12)",
              "borderRadius": 5,
              "objectFit": "contain",
            }
          }
          width={10}
        />
      </View>
    </View>
  </View>
  <View
    style={
      {
        "bottom": -4,
        "flexDirection": "column",
        "position": "absolute",
        "right": -4,
      }
    }
  >
    <View
      style={
        {
          "borderBottomColor": "#131313",
          "borderBottomLeftRadius": 7,
          "borderBottomRightRadius": 7,
          "borderBottomWidth": 2,
          "borderLeftColor": "#131313",
          "borderLeftWidth": 2,
          "borderRightColor": "#131313",
          "borderRightWidth": 2,
          "borderStyle": "solid",
          "borderTopColor": "#131313",
          "borderTopLeftRadius": 7,
          "borderTopRightRadius": 7,
          "borderTopWidth": 2,
          "flexDirection": "column",
        }
      }
    >
      <View
        style={
          {
            "borderColor": "#131313",
            "borderRadius": 6,
            "flexDirection": "column",
            "overflow": "hidden",
          }
        }
        testID="network-logo"
      >
        <div
          className="css-view-175oi2r r-flexBasis-1mlwlqe r-overflow-1udh08x r-zIndex-417010"
          dir={null}
          style={
            {
              "height": "4px",
              "width": "4px",
            }
          }
        >
          <div
            className="css-view-175oi2r r-backgroundColor-1niwhzg r-backgroundPosition-vvn4in r-backgroundRepeat-u6sd8q r-bottom-1p0dtai r-height-1pi2tsx r-left-1d2f490 r-position-u8s1d r-right-zchlnj r-top-ipm5af r-width-13qz1uu r-zIndex-1wyyakw r-backgroundSize-ehq7j7"
            dir={null}
            suppressHydrationWarning={true}
          />
        </div>
      </View>
    </View>
  </View>
</View>
`;
